--- PIXELDRAIN KEEP-ALIVE SYSTEM LOG ---
[INIT] Log file created and initialized.
[INIT] Awaiting first automated run...[2026-04-19 11:02:49] INFO - --- STARTING CLOUD EXECUTION CYCLE ---
[2026-04-19 11:02:49] INFO - Step 1: Initialization and Data Loading
[2026-04-19 11:02:49] INFO - Successfully loaded tracker.json
[2026-04-19 11:02:49] INFO - Step 2: Target Selection (Scanning for oldest 'last_touched' dates)
[2026-04-19 11:02:49] INFO - Selected targets for today's cycle: ['SAMPLE_ID_1', 'SAMPLE_ID_2']
[2026-04-19 11:02:49] INFO - --- Processing File ID: SAMPLE_ID_1 ---
[2026-04-19 11:02:49] INFO - Step 3: Fetching metadata for SAMPLE_ID_1
[2026-04-19 11:02:49] ERROR - FAILURE: Info API rejected request for SAMPLE_ID_1. Point of failure HTTP Status: 404. API Response: {"success":false,"value":"not_found","message":"The entity you requested could not be found"}

[2026-04-19 11:02:49] INFO - --- Processing File ID: SAMPLE_ID_2 ---
[2026-04-19 11:02:49] INFO - Step 3: Fetching metadata for SAMPLE_ID_2
[2026-04-19 11:02:49] ERROR - FAILURE: Info API rejected request for SAMPLE_ID_2. Point of failure HTTP Status: 404. API Response: {"success":false,"value":"not_found","message":"The entity you requested could not be found"}

[2026-04-19 11:02:49] INFO - Step 6: Committing new state to tracker.json
[2026-04-19 11:02:49] INFO - Successfully updated memory tracker.
[2026-04-19 11:02:49] INFO - --- CYCLE COMPLETE ---
[2026-04-19 12:26:54] INFO - --- STARTING CLOUD EXECUTION CYCLE ---
[2026-04-19 12:26:54] INFO - Step 1: Initialization and Data Loading
[2026-04-19 12:26:54] INFO - Successfully loaded tracker.json
[2026-04-19 12:26:54] INFO - Step 1.5: Auto-Syncing with Live Pixeldrain Account
[2026-04-19 12:26:55] INFO - SUCCESS: Auto-Sync complete. Added 8 new files to the tracker.
[2026-04-19 12:26:55] INFO - Step 2: Target Selection (Scanning for oldest 'last_touched' dates)
[2026-04-19 12:26:55] INFO - Selected targets for today's cycle: ['SAMPLE_ID_1', 'SAMPLE_ID_2']
[2026-04-19 12:26:55] INFO - --- Processing File ID: SAMPLE_ID_1 ---
[2026-04-19 12:26:55] INFO - Step 3: Fetching metadata for SAMPLE_ID_1
[2026-04-19 12:26:55] ERROR - FAILURE: Info API rejected request for SAMPLE_ID_1. Point of failure HTTP Status: 404. API Response: {"success":false,"value":"not_found","message":"The entity you requested could not be found"}

[2026-04-19 12:26:55] INFO - --- Processing File ID: SAMPLE_ID_2 ---
[2026-04-19 12:26:55] INFO - Step 3: Fetching metadata for SAMPLE_ID_2
[2026-04-19 12:26:55] ERROR - FAILURE: Info API rejected request for SAMPLE_ID_2. Point of failure HTTP Status: 404. API Response: {"success":false,"value":"not_found","message":"The entity you requested could not be found"}

[2026-04-19 12:26:55] INFO - Step 6: Committing new state to tracker.json
[2026-04-19 12:26:55] INFO - Successfully updated memory tracker.
[2026-04-19 12:26:55] INFO - --- CYCLE COMPLETE ---
[2026-04-19 12:31:19] INFO - --- STARTING CLOUD EXECUTION CYCLE ---
[2026-04-19 12:31:19] INFO - Step 1: Initialization and Data Loading
[2026-04-19 12:31:19] INFO - Successfully loaded tracker.json
[2026-04-19 12:31:19] INFO - Step 1.5: Auto-Syncing with Live Pixeldrain Account
[2026-04-19 12:31:20] INFO - SUCCESS: Garbage Collection complete. Removed 2 ghost file(s) from memory.
[2026-04-19 12:31:20] INFO - SUCCESS: Auto-Sync Additions complete. No new files found.
[2026-04-19 12:31:20] INFO - Step 2: Target Selection (Scanning for oldest 'last_touched' dates)
[2026-04-19 12:31:20] INFO - Selected targets for today's cycle: ['tCa3bk2N', 'KM9Xwnqa']
[2026-04-19 12:31:20] INFO - --- Processing File ID: tCa3bk2N ---
[2026-04-19 12:31:20] INFO - Step 3: Fetching metadata for tCa3bk2N
[2026-04-19 12:31:21] INFO - Status check passed - Size: 11042813 bytes, Views: 0, Downloads: 0
[2026-04-19 12:31:21] INFO - Step 4: Initiating 15% partial download for tCa3bk2N
[2026-04-19 12:31:22] INFO - SUCCESS: Partial chunk fetched for tCa3bk2N. HTTP Status: 206
[2026-04-19 12:31:22] INFO - --- Processing File ID: KM9Xwnqa ---
[2026-04-19 12:31:22] INFO - Step 3: Fetching metadata for KM9Xwnqa
[2026-04-19 12:31:23] INFO - Status check passed - Size: 10267754 bytes, Views: 0, Downloads: 0
[2026-04-19 12:31:23] INFO - Step 4: Initiating 15% partial download for KM9Xwnqa
[2026-04-19 12:31:26] INFO - SUCCESS: Partial chunk fetched for KM9Xwnqa. HTTP Status: 206
[2026-04-19 12:31:26] INFO - Step 6: Committing new state to tracker.json
[2026-04-19 12:31:26] INFO - Successfully updated memory tracker.
[2026-04-19 12:31:26] INFO - --- CYCLE COMPLETE ---
